### test_flow.py
[1] 스캐너: 조건 맞는 종목만 매수후보
  통과  매수후보 ['000010', '000020'] (거래대금 큰 순)
[2] 시장필터 미통과면 후보 없음
  통과  후보 0개
[3] 실전 서버 로그인 + IS_REAL=False → 주문 없이 종료
  통과  안전장치 작동
[4] 월요일: 아침 매수 → 체결 → 손절
  000010 상승A 436주 매수가 22,478 현재 22,478 (+0.0%) [보유]
  통과  보유 ['000010'] (B는 -9%에서 손절)
  통과  A 매수가 = 실제 체결가
  통과  A 손절가 20679
  통과  A 투입금 9,800,392 ≤ 종목당 10,000,000
  통과  매매기록 {'종목코드': 20, '종목명': '상승B', '매수일': '2026-09-28', '매수가': 49462, '매도일': '2026-09-28', '매도가': 45010, '수량': 196, '수익률%': -9.0, '사유': '손절 -8%'}
[5] 같은 신호로 다음날 다시 사지 않음
  000010 상승A 436주 매수가 22,478 현재 22,478 (+0.0%) [보유]
  000010 상승A 436주 매수가 22,478 현재 22,478 (+0.0%) [보유]
  통과  추가 주문 없음
[6] 20일선 이탈 → 스캐너가 매도대상 지정 → 다음날 매도
  통과  매도대상 [{'code': '000010', 'name': '상승A', 'reason': '20일선 이탈', 'close': 18917.097892185975}]
  000010 상승A 436주 매수가 22,478 현재 22,478 (+0.0%) [보유]
  000020 상승B 194주 매수가 49,462 현재 45,010 (-9.0%) [보유]
  통과  A 전량 매도
  통과  같은 날 새 신호(B)는 매수
  통과  매도 기록
[7] 휴장일: 주문 되돌리고 다음 거래일에 신호 재사용
  통과  포지션 없음, 신호 미사용 처리
  000010 상승A 436주 매수가 22,478 현재 22,478 (+0.0%) [보유]
  000020 상승B 196주 매수가 49,462 현재 49,462 (+0.0%) [보유]
  통과  다음 거래일 매수 ['000010', '000020']
[8] 주말엔 바로 종료
  통과  토요일 종료

모든 테스트 통과

### scan.py
[11:50:19] 시장필터 KOSPI: 미통과(신규매수 중단)  지수 기준일 2026-09-30
[11:50:19] 시장필터 KOSDAQ: 통과(신규매수 가능)  지수 기준일 2026-09-30
[11:51:02] 시세 300/2528 (43초)
[11:51:44] 시세 600/2528 (86초)
[11:52:25] 시세 900/2528 (127초)
[11:53:03] 시세 1200/2528 (164초)
[11:53:41] 시세 1500/2528 (203초)
[11:54:20] 시세 1800/2528 (241초)
[11:54:59] 시세 2100/2528 (280초)
[11:55:38] 시세 2400/2528 (319초)
[11:55:55] 기준일 2026-09-30
[11:55:55] 매수 후보 6개 (상위 30개 저장), 매도 대상 0개 → /home/runner/work/dca-backtest/dca-backtest/momentum_autotrade/data/signals_20260930.json
[11:55:55]   매수후보 119850 지엔씨에너지 종가 56,400 거래대금 234.9억
[11:55:55]   매수후보 031980 피에스케이홀딩스 종가 178,600 거래대금 216.8억
[11:55:55]   매수후보 096530 씨젠 종가 35,450 거래대금 183.6억
[11:55:55]   매수후보 144960 뉴파워프라즈마 종가 12,910 거래대금 108.7억
[11:55:55]   매수후보 252990 샘씨엔에스 종가 19,970 거래대금 103.2억
[11:55:55]   매수후보 446540 메가터치 종가 11,220 거래대금 73.3억

### signals
{
  "data_date": "2026-09-30",
  "created": "2026-10-01 11:50",
  "market_ok": {
    "KOSPI": false,
    "KOSDAQ": true
  },
  "buys": [
    {
      "code": "119850",
      "name": "지엔씨에너지",
      "market": "KOSDAQ",
      "close": 56400.0,
      "amount_eok": 234.9
    },
    {
      "code": "031980",
      "name": "피에스케이홀딩스",
      "market": "KOSDAQ",
      "close": 178600.0,
      "amount_eok": 216.8
    },
    {
      "code": "096530",
      "name": "씨젠",
      "market": "KOSDAQ",
      "close": 35450.0,
      "amount_eok": 183.6
    },
    {
      "code": "144960",
      "name": "뉴파워프라즈마",
      "market": "KOSDAQ",
      "close": 12910.0,
      "amount_eok": 108.7
    },
    {
      "code": "252990",
      "name": "샘씨엔에스",
      "market": "KOSDAQ",
      "close": 19970.0,
      "amount_eok": 103.2
    },
    {
      "code": "446540",
      "name": "메가터치",
      "market": "KOSDAQ",
      "close": 11220.0,
      "amount_eok": 73.3
    }
  ],
  "sells": []
}